

================================================================
== Vivado HLS Report for 'feedbackStep'
================================================================
* Date:           Tue Dec  5 11:58:45 2017

* Version:        2017.3.1 (Build 2033595 on Fri Oct 20 14:40:16 MDT 2017)
* Project:        MadgwickAHRS
* Solution:       solution2
* Product family: zynq
* Target device:  xc7z020clg400-1


================================================================
== Performance Estimates
================================================================
+ Timing (ns): 
    * Summary: 
    +--------+-------+----------+------------+
    |  Clock | Target| Estimated| Uncertainty|
    +--------+-------+----------+------------+
    |ap_clk  |   5.00|      4.35|        0.62|
    +--------+-------+----------+------------+

+ Latency (clock cycles): 
    * Summary: 
    +-----+-----+-----+-----+----------+
    |  Latency  |  Interval | Pipeline |
    | min | max | min | max |   Type   |
    +-----+-----+-----+-----+----------+
    |   13|   13|    1|    1| function |
    +-----+-----+-----+-----+----------+

    + Detail: 
        * Instance: 
        N/A

        * Loop: 
        N/A

============================================================
+ Verbose Summary: Synthesis Manager
============================================================
InlineROM: 1
ExposeGlobal: 0
============================================================
+ Verbose Summary: CDFG Model
============================================================
IsTopModel: 0
ResetActiveHigh: 1
IsCombinational: 0
IsDatapathOnly: 0
HasWiredReturn: 1
HasMFsm: 2
HasVarLatency: 0
IsPipeline: 1
IsRtlPipelined: 1
IsInstanceOverlapped: 0
IsDontTouch: 0
HasImplIP: 0
IsGatedGlobalClock: 0

+ Individual pipeline summary: 
  * Pipeline-0: initiation interval (II) = 1, depth = 14


============================================================
+ Verbose Summary: Schedule
============================================================
* Number of FSM states : 14
* Pipeline : 1
  Pipeline-0 : II = 1, D = 14, States = { 1 2 3 4 5 6 7 8 9 10 11 12 13 14 }
* Dataflow Pipeline: 0

* FSM state transitions: 
1 --> 
	2  / true
2 --> 
	3  / true
3 --> 
	4  / true
4 --> 
	5  / true
5 --> 
	6  / true
6 --> 
	7  / true
7 --> 
	8  / true
8 --> 
	9  / true
9 --> 
	10  / true
10 --> 
	11  / true
11 --> 
	12  / true
12 --> 
	13  / true
13 --> 
	14  / true
14 --> 

* FSM state operations: 

 <State 1> : 4.35ns
ST_1 : Operation 15 [1/1] (0.00ns)   --->   "%s_3_read_1 = call float @_ssdm_op_Read.ap_auto.float(float %s_3_read)"
ST_1 : Operation 16 [1/1] (0.00ns)   --->   "%s_2_read_1 = call float @_ssdm_op_Read.ap_auto.float(float %s_2_read)"
ST_1 : Operation 17 [1/1] (0.00ns)   --->   "%s_1_read_1 = call float @_ssdm_op_Read.ap_auto.float(float %s_1_read)"
ST_1 : Operation 18 [1/1] (0.00ns)   --->   "%s_0_read_1 = call float @_ssdm_op_Read.ap_auto.float(float %s_0_read)"
ST_1 : Operation 19 [1/1] (0.00ns)   --->   "%beta_read = call float @_ssdm_op_Read.ap_auto.float(float %beta)"
ST_1 : Operation 20 [1/1] (0.00ns)   --->   "%qDot_3_read_1 = call float @_ssdm_op_Read.ap_auto.float(float %qDot_3_read)"
ST_1 : Operation 21 [1/1] (0.00ns)   --->   "%qDot_2_read_1 = call float @_ssdm_op_Read.ap_auto.float(float %qDot_2_read)"
ST_1 : Operation 22 [1/1] (0.00ns)   --->   "%qDot_1_read_1 = call float @_ssdm_op_Read.ap_auto.float(float %qDot_1_read)"
ST_1 : Operation 23 [1/1] (0.00ns)   --->   "%qDot_0_read_1 = call float @_ssdm_op_Read.ap_auto.float(float %qDot_0_read)"
ST_1 : Operation 24 [5/5] (4.35ns)   --->   "%tmp_s = fmul float %s_0_read_1, %beta_read" [MadgwickAHRS.cpp:230]   --->   Core 98 'FMul' <Latency = 4> <II = 1> <Delay = 4.35> <FuncUnit> <Opcode : 'fmul'> <InPorts = 2> <OutPorts = 1>
ST_1 : Operation 25 [5/5] (4.35ns)   --->   "%tmp_1 = fmul float %s_1_read_1, %beta_read" [MadgwickAHRS.cpp:230]   --->   Core 98 'FMul' <Latency = 4> <II = 1> <Delay = 4.35> <FuncUnit> <Opcode : 'fmul'> <InPorts = 2> <OutPorts = 1>
ST_1 : Operation 26 [5/5] (4.35ns)   --->   "%tmp_2 = fmul float %s_2_read_1, %beta_read" [MadgwickAHRS.cpp:230]   --->   Core 98 'FMul' <Latency = 4> <II = 1> <Delay = 4.35> <FuncUnit> <Opcode : 'fmul'> <InPorts = 2> <OutPorts = 1>
ST_1 : Operation 27 [5/5] (4.35ns)   --->   "%tmp_3 = fmul float %s_3_read_1, %beta_read" [MadgwickAHRS.cpp:230]   --->   Core 98 'FMul' <Latency = 4> <II = 1> <Delay = 4.35> <FuncUnit> <Opcode : 'fmul'> <InPorts = 2> <OutPorts = 1>

 <State 2> : 4.35ns
ST_2 : Operation 28 [4/5] (4.35ns)   --->   "%tmp_s = fmul float %s_0_read_1, %beta_read" [MadgwickAHRS.cpp:230]   --->   Core 98 'FMul' <Latency = 4> <II = 1> <Delay = 4.35> <FuncUnit> <Opcode : 'fmul'> <InPorts = 2> <OutPorts = 1>
ST_2 : Operation 29 [4/5] (4.35ns)   --->   "%tmp_1 = fmul float %s_1_read_1, %beta_read" [MadgwickAHRS.cpp:230]   --->   Core 98 'FMul' <Latency = 4> <II = 1> <Delay = 4.35> <FuncUnit> <Opcode : 'fmul'> <InPorts = 2> <OutPorts = 1>
ST_2 : Operation 30 [4/5] (4.35ns)   --->   "%tmp_2 = fmul float %s_2_read_1, %beta_read" [MadgwickAHRS.cpp:230]   --->   Core 98 'FMul' <Latency = 4> <II = 1> <Delay = 4.35> <FuncUnit> <Opcode : 'fmul'> <InPorts = 2> <OutPorts = 1>
ST_2 : Operation 31 [4/5] (4.35ns)   --->   "%tmp_3 = fmul float %s_3_read_1, %beta_read" [MadgwickAHRS.cpp:230]   --->   Core 98 'FMul' <Latency = 4> <II = 1> <Delay = 4.35> <FuncUnit> <Opcode : 'fmul'> <InPorts = 2> <OutPorts = 1>

 <State 3> : 4.35ns
ST_3 : Operation 32 [3/5] (4.35ns)   --->   "%tmp_s = fmul float %s_0_read_1, %beta_read" [MadgwickAHRS.cpp:230]   --->   Core 98 'FMul' <Latency = 4> <II = 1> <Delay = 4.35> <FuncUnit> <Opcode : 'fmul'> <InPorts = 2> <OutPorts = 1>
ST_3 : Operation 33 [3/5] (4.35ns)   --->   "%tmp_1 = fmul float %s_1_read_1, %beta_read" [MadgwickAHRS.cpp:230]   --->   Core 98 'FMul' <Latency = 4> <II = 1> <Delay = 4.35> <FuncUnit> <Opcode : 'fmul'> <InPorts = 2> <OutPorts = 1>
ST_3 : Operation 34 [3/5] (4.35ns)   --->   "%tmp_2 = fmul float %s_2_read_1, %beta_read" [MadgwickAHRS.cpp:230]   --->   Core 98 'FMul' <Latency = 4> <II = 1> <Delay = 4.35> <FuncUnit> <Opcode : 'fmul'> <InPorts = 2> <OutPorts = 1>
ST_3 : Operation 35 [3/5] (4.35ns)   --->   "%tmp_3 = fmul float %s_3_read_1, %beta_read" [MadgwickAHRS.cpp:230]   --->   Core 98 'FMul' <Latency = 4> <II = 1> <Delay = 4.35> <FuncUnit> <Opcode : 'fmul'> <InPorts = 2> <OutPorts = 1>

 <State 4> : 4.35ns
ST_4 : Operation 36 [2/5] (4.35ns)   --->   "%tmp_s = fmul float %s_0_read_1, %beta_read" [MadgwickAHRS.cpp:230]   --->   Core 98 'FMul' <Latency = 4> <II = 1> <Delay = 4.35> <FuncUnit> <Opcode : 'fmul'> <InPorts = 2> <OutPorts = 1>
ST_4 : Operation 37 [2/5] (4.35ns)   --->   "%tmp_1 = fmul float %s_1_read_1, %beta_read" [MadgwickAHRS.cpp:230]   --->   Core 98 'FMul' <Latency = 4> <II = 1> <Delay = 4.35> <FuncUnit> <Opcode : 'fmul'> <InPorts = 2> <OutPorts = 1>
ST_4 : Operation 38 [2/5] (4.35ns)   --->   "%tmp_2 = fmul float %s_2_read_1, %beta_read" [MadgwickAHRS.cpp:230]   --->   Core 98 'FMul' <Latency = 4> <II = 1> <Delay = 4.35> <FuncUnit> <Opcode : 'fmul'> <InPorts = 2> <OutPorts = 1>
ST_4 : Operation 39 [2/5] (4.35ns)   --->   "%tmp_3 = fmul float %s_3_read_1, %beta_read" [MadgwickAHRS.cpp:230]   --->   Core 98 'FMul' <Latency = 4> <II = 1> <Delay = 4.35> <FuncUnit> <Opcode : 'fmul'> <InPorts = 2> <OutPorts = 1>

 <State 5> : 4.35ns
ST_5 : Operation 40 [1/5] (4.35ns)   --->   "%tmp_s = fmul float %s_0_read_1, %beta_read" [MadgwickAHRS.cpp:230]   --->   Core 98 'FMul' <Latency = 4> <II = 1> <Delay = 4.35> <FuncUnit> <Opcode : 'fmul'> <InPorts = 2> <OutPorts = 1>
ST_5 : Operation 41 [1/5] (4.35ns)   --->   "%tmp_1 = fmul float %s_1_read_1, %beta_read" [MadgwickAHRS.cpp:230]   --->   Core 98 'FMul' <Latency = 4> <II = 1> <Delay = 4.35> <FuncUnit> <Opcode : 'fmul'> <InPorts = 2> <OutPorts = 1>
ST_5 : Operation 42 [1/5] (4.35ns)   --->   "%tmp_2 = fmul float %s_2_read_1, %beta_read" [MadgwickAHRS.cpp:230]   --->   Core 98 'FMul' <Latency = 4> <II = 1> <Delay = 4.35> <FuncUnit> <Opcode : 'fmul'> <InPorts = 2> <OutPorts = 1>
ST_5 : Operation 43 [1/5] (4.35ns)   --->   "%tmp_3 = fmul float %s_3_read_1, %beta_read" [MadgwickAHRS.cpp:230]   --->   Core 98 'FMul' <Latency = 4> <II = 1> <Delay = 4.35> <FuncUnit> <Opcode : 'fmul'> <InPorts = 2> <OutPorts = 1>

 <State 6> : 4.35ns
ST_6 : Operation 44 [9/9] (4.34ns)   --->   "%qDot = fsub float %qDot_0_read_1, %tmp_s" [MadgwickAHRS.cpp:230]   --->   Core 97 'FAddSub' <Latency = 8> <II = 1> <Delay = 4.34> <FuncUnit> <Opcode : 'fadd' 'fsub'> <InPorts = 2> <OutPorts = 1>
ST_6 : Operation 45 [9/9] (4.34ns)   --->   "%qDot_1 = fsub float %qDot_1_read_1, %tmp_1" [MadgwickAHRS.cpp:230]   --->   Core 97 'FAddSub' <Latency = 8> <II = 1> <Delay = 4.34> <FuncUnit> <Opcode : 'fadd' 'fsub'> <InPorts = 2> <OutPorts = 1>
ST_6 : Operation 46 [9/9] (4.34ns)   --->   "%qDot_2 = fsub float %qDot_2_read_1, %tmp_2" [MadgwickAHRS.cpp:230]   --->   Core 97 'FAddSub' <Latency = 8> <II = 1> <Delay = 4.34> <FuncUnit> <Opcode : 'fadd' 'fsub'> <InPorts = 2> <OutPorts = 1>
ST_6 : Operation 47 [9/9] (4.34ns)   --->   "%qDot_3 = fsub float %qDot_3_read_1, %tmp_3" [MadgwickAHRS.cpp:230]   --->   Core 97 'FAddSub' <Latency = 8> <II = 1> <Delay = 4.34> <FuncUnit> <Opcode : 'fadd' 'fsub'> <InPorts = 2> <OutPorts = 1>

 <State 7> : 4.35ns
ST_7 : Operation 48 [8/9] (4.34ns)   --->   "%qDot = fsub float %qDot_0_read_1, %tmp_s" [MadgwickAHRS.cpp:230]   --->   Core 97 'FAddSub' <Latency = 8> <II = 1> <Delay = 4.34> <FuncUnit> <Opcode : 'fadd' 'fsub'> <InPorts = 2> <OutPorts = 1>
ST_7 : Operation 49 [8/9] (4.34ns)   --->   "%qDot_1 = fsub float %qDot_1_read_1, %tmp_1" [MadgwickAHRS.cpp:230]   --->   Core 97 'FAddSub' <Latency = 8> <II = 1> <Delay = 4.34> <FuncUnit> <Opcode : 'fadd' 'fsub'> <InPorts = 2> <OutPorts = 1>
ST_7 : Operation 50 [8/9] (4.34ns)   --->   "%qDot_2 = fsub float %qDot_2_read_1, %tmp_2" [MadgwickAHRS.cpp:230]   --->   Core 97 'FAddSub' <Latency = 8> <II = 1> <Delay = 4.34> <FuncUnit> <Opcode : 'fadd' 'fsub'> <InPorts = 2> <OutPorts = 1>
ST_7 : Operation 51 [8/9] (4.34ns)   --->   "%qDot_3 = fsub float %qDot_3_read_1, %tmp_3" [MadgwickAHRS.cpp:230]   --->   Core 97 'FAddSub' <Latency = 8> <II = 1> <Delay = 4.34> <FuncUnit> <Opcode : 'fadd' 'fsub'> <InPorts = 2> <OutPorts = 1>

 <State 8> : 4.35ns
ST_8 : Operation 52 [7/9] (4.34ns)   --->   "%qDot = fsub float %qDot_0_read_1, %tmp_s" [MadgwickAHRS.cpp:230]   --->   Core 97 'FAddSub' <Latency = 8> <II = 1> <Delay = 4.34> <FuncUnit> <Opcode : 'fadd' 'fsub'> <InPorts = 2> <OutPorts = 1>
ST_8 : Operation 53 [7/9] (4.34ns)   --->   "%qDot_1 = fsub float %qDot_1_read_1, %tmp_1" [MadgwickAHRS.cpp:230]   --->   Core 97 'FAddSub' <Latency = 8> <II = 1> <Delay = 4.34> <FuncUnit> <Opcode : 'fadd' 'fsub'> <InPorts = 2> <OutPorts = 1>
ST_8 : Operation 54 [7/9] (4.34ns)   --->   "%qDot_2 = fsub float %qDot_2_read_1, %tmp_2" [MadgwickAHRS.cpp:230]   --->   Core 97 'FAddSub' <Latency = 8> <II = 1> <Delay = 4.34> <FuncUnit> <Opcode : 'fadd' 'fsub'> <InPorts = 2> <OutPorts = 1>
ST_8 : Operation 55 [7/9] (4.34ns)   --->   "%qDot_3 = fsub float %qDot_3_read_1, %tmp_3" [MadgwickAHRS.cpp:230]   --->   Core 97 'FAddSub' <Latency = 8> <II = 1> <Delay = 4.34> <FuncUnit> <Opcode : 'fadd' 'fsub'> <InPorts = 2> <OutPorts = 1>

 <State 9> : 4.35ns
ST_9 : Operation 56 [6/9] (4.34ns)   --->   "%qDot = fsub float %qDot_0_read_1, %tmp_s" [MadgwickAHRS.cpp:230]   --->   Core 97 'FAddSub' <Latency = 8> <II = 1> <Delay = 4.34> <FuncUnit> <Opcode : 'fadd' 'fsub'> <InPorts = 2> <OutPorts = 1>
ST_9 : Operation 57 [6/9] (4.34ns)   --->   "%qDot_1 = fsub float %qDot_1_read_1, %tmp_1" [MadgwickAHRS.cpp:230]   --->   Core 97 'FAddSub' <Latency = 8> <II = 1> <Delay = 4.34> <FuncUnit> <Opcode : 'fadd' 'fsub'> <InPorts = 2> <OutPorts = 1>
ST_9 : Operation 58 [6/9] (4.34ns)   --->   "%qDot_2 = fsub float %qDot_2_read_1, %tmp_2" [MadgwickAHRS.cpp:230]   --->   Core 97 'FAddSub' <Latency = 8> <II = 1> <Delay = 4.34> <FuncUnit> <Opcode : 'fadd' 'fsub'> <InPorts = 2> <OutPorts = 1>
ST_9 : Operation 59 [6/9] (4.34ns)   --->   "%qDot_3 = fsub float %qDot_3_read_1, %tmp_3" [MadgwickAHRS.cpp:230]   --->   Core 97 'FAddSub' <Latency = 8> <II = 1> <Delay = 4.34> <FuncUnit> <Opcode : 'fadd' 'fsub'> <InPorts = 2> <OutPorts = 1>

 <State 10> : 4.35ns
ST_10 : Operation 60 [5/9] (4.34ns)   --->   "%qDot = fsub float %qDot_0_read_1, %tmp_s" [MadgwickAHRS.cpp:230]   --->   Core 97 'FAddSub' <Latency = 8> <II = 1> <Delay = 4.34> <FuncUnit> <Opcode : 'fadd' 'fsub'> <InPorts = 2> <OutPorts = 1>
ST_10 : Operation 61 [5/9] (4.34ns)   --->   "%qDot_1 = fsub float %qDot_1_read_1, %tmp_1" [MadgwickAHRS.cpp:230]   --->   Core 97 'FAddSub' <Latency = 8> <II = 1> <Delay = 4.34> <FuncUnit> <Opcode : 'fadd' 'fsub'> <InPorts = 2> <OutPorts = 1>
ST_10 : Operation 62 [5/9] (4.34ns)   --->   "%qDot_2 = fsub float %qDot_2_read_1, %tmp_2" [MadgwickAHRS.cpp:230]   --->   Core 97 'FAddSub' <Latency = 8> <II = 1> <Delay = 4.34> <FuncUnit> <Opcode : 'fadd' 'fsub'> <InPorts = 2> <OutPorts = 1>
ST_10 : Operation 63 [5/9] (4.34ns)   --->   "%qDot_3 = fsub float %qDot_3_read_1, %tmp_3" [MadgwickAHRS.cpp:230]   --->   Core 97 'FAddSub' <Latency = 8> <II = 1> <Delay = 4.34> <FuncUnit> <Opcode : 'fadd' 'fsub'> <InPorts = 2> <OutPorts = 1>

 <State 11> : 4.35ns
ST_11 : Operation 64 [4/9] (4.34ns)   --->   "%qDot = fsub float %qDot_0_read_1, %tmp_s" [MadgwickAHRS.cpp:230]   --->   Core 97 'FAddSub' <Latency = 8> <II = 1> <Delay = 4.34> <FuncUnit> <Opcode : 'fadd' 'fsub'> <InPorts = 2> <OutPorts = 1>
ST_11 : Operation 65 [4/9] (4.34ns)   --->   "%qDot_1 = fsub float %qDot_1_read_1, %tmp_1" [MadgwickAHRS.cpp:230]   --->   Core 97 'FAddSub' <Latency = 8> <II = 1> <Delay = 4.34> <FuncUnit> <Opcode : 'fadd' 'fsub'> <InPorts = 2> <OutPorts = 1>
ST_11 : Operation 66 [4/9] (4.34ns)   --->   "%qDot_2 = fsub float %qDot_2_read_1, %tmp_2" [MadgwickAHRS.cpp:230]   --->   Core 97 'FAddSub' <Latency = 8> <II = 1> <Delay = 4.34> <FuncUnit> <Opcode : 'fadd' 'fsub'> <InPorts = 2> <OutPorts = 1>
ST_11 : Operation 67 [4/9] (4.34ns)   --->   "%qDot_3 = fsub float %qDot_3_read_1, %tmp_3" [MadgwickAHRS.cpp:230]   --->   Core 97 'FAddSub' <Latency = 8> <II = 1> <Delay = 4.34> <FuncUnit> <Opcode : 'fadd' 'fsub'> <InPorts = 2> <OutPorts = 1>

 <State 12> : 4.35ns
ST_12 : Operation 68 [3/9] (4.34ns)   --->   "%qDot = fsub float %qDot_0_read_1, %tmp_s" [MadgwickAHRS.cpp:230]   --->   Core 97 'FAddSub' <Latency = 8> <II = 1> <Delay = 4.34> <FuncUnit> <Opcode : 'fadd' 'fsub'> <InPorts = 2> <OutPorts = 1>
ST_12 : Operation 69 [3/9] (4.34ns)   --->   "%qDot_1 = fsub float %qDot_1_read_1, %tmp_1" [MadgwickAHRS.cpp:230]   --->   Core 97 'FAddSub' <Latency = 8> <II = 1> <Delay = 4.34> <FuncUnit> <Opcode : 'fadd' 'fsub'> <InPorts = 2> <OutPorts = 1>
ST_12 : Operation 70 [3/9] (4.34ns)   --->   "%qDot_2 = fsub float %qDot_2_read_1, %tmp_2" [MadgwickAHRS.cpp:230]   --->   Core 97 'FAddSub' <Latency = 8> <II = 1> <Delay = 4.34> <FuncUnit> <Opcode : 'fadd' 'fsub'> <InPorts = 2> <OutPorts = 1>
ST_12 : Operation 71 [3/9] (4.34ns)   --->   "%qDot_3 = fsub float %qDot_3_read_1, %tmp_3" [MadgwickAHRS.cpp:230]   --->   Core 97 'FAddSub' <Latency = 8> <II = 1> <Delay = 4.34> <FuncUnit> <Opcode : 'fadd' 'fsub'> <InPorts = 2> <OutPorts = 1>

 <State 13> : 4.35ns
ST_13 : Operation 72 [2/9] (4.34ns)   --->   "%qDot = fsub float %qDot_0_read_1, %tmp_s" [MadgwickAHRS.cpp:230]   --->   Core 97 'FAddSub' <Latency = 8> <II = 1> <Delay = 4.34> <FuncUnit> <Opcode : 'fadd' 'fsub'> <InPorts = 2> <OutPorts = 1>
ST_13 : Operation 73 [2/9] (4.34ns)   --->   "%qDot_1 = fsub float %qDot_1_read_1, %tmp_1" [MadgwickAHRS.cpp:230]   --->   Core 97 'FAddSub' <Latency = 8> <II = 1> <Delay = 4.34> <FuncUnit> <Opcode : 'fadd' 'fsub'> <InPorts = 2> <OutPorts = 1>
ST_13 : Operation 74 [2/9] (4.34ns)   --->   "%qDot_2 = fsub float %qDot_2_read_1, %tmp_2" [MadgwickAHRS.cpp:230]   --->   Core 97 'FAddSub' <Latency = 8> <II = 1> <Delay = 4.34> <FuncUnit> <Opcode : 'fadd' 'fsub'> <InPorts = 2> <OutPorts = 1>
ST_13 : Operation 75 [2/9] (4.34ns)   --->   "%qDot_3 = fsub float %qDot_3_read_1, %tmp_3" [MadgwickAHRS.cpp:230]   --->   Core 97 'FAddSub' <Latency = 8> <II = 1> <Delay = 4.34> <FuncUnit> <Opcode : 'fadd' 'fsub'> <InPorts = 2> <OutPorts = 1>

 <State 14> : 4.35ns
ST_14 : Operation 76 [1/1] (0.00ns)   --->   "call void (...)* @_ssdm_op_SpecPipeline(i32 -1, i32 1, i32 1, i32 0, [1 x i8]* @p_str2) nounwind" [MadgwickAHRS.cpp:230]
ST_14 : Operation 77 [1/9] (4.34ns)   --->   "%qDot = fsub float %qDot_0_read_1, %tmp_s" [MadgwickAHRS.cpp:230]   --->   Core 97 'FAddSub' <Latency = 8> <II = 1> <Delay = 4.34> <FuncUnit> <Opcode : 'fadd' 'fsub'> <InPorts = 2> <OutPorts = 1>
ST_14 : Operation 78 [1/9] (4.34ns)   --->   "%qDot_1 = fsub float %qDot_1_read_1, %tmp_1" [MadgwickAHRS.cpp:230]   --->   Core 97 'FAddSub' <Latency = 8> <II = 1> <Delay = 4.34> <FuncUnit> <Opcode : 'fadd' 'fsub'> <InPorts = 2> <OutPorts = 1>
ST_14 : Operation 79 [1/9] (4.34ns)   --->   "%qDot_2 = fsub float %qDot_2_read_1, %tmp_2" [MadgwickAHRS.cpp:230]   --->   Core 97 'FAddSub' <Latency = 8> <II = 1> <Delay = 4.34> <FuncUnit> <Opcode : 'fadd' 'fsub'> <InPorts = 2> <OutPorts = 1>
ST_14 : Operation 80 [1/9] (4.34ns)   --->   "%qDot_3 = fsub float %qDot_3_read_1, %tmp_3" [MadgwickAHRS.cpp:230]   --->   Core 97 'FAddSub' <Latency = 8> <II = 1> <Delay = 4.34> <FuncUnit> <Opcode : 'fadd' 'fsub'> <InPorts = 2> <OutPorts = 1>
ST_14 : Operation 81 [1/1] (0.00ns)   --->   "%mrv = insertvalue { float, float, float, float } undef, float %qDot, 0" [MadgwickAHRS.cpp:232]
ST_14 : Operation 82 [1/1] (0.00ns)   --->   "%mrv_1 = insertvalue { float, float, float, float } %mrv, float %qDot_1, 1" [MadgwickAHRS.cpp:232]
ST_14 : Operation 83 [1/1] (0.00ns)   --->   "%mrv_2 = insertvalue { float, float, float, float } %mrv_1, float %qDot_2, 2" [MadgwickAHRS.cpp:232]
ST_14 : Operation 84 [1/1] (0.00ns)   --->   "%mrv_3 = insertvalue { float, float, float, float } %mrv_2, float %qDot_3, 3" [MadgwickAHRS.cpp:232]
ST_14 : Operation 85 [1/1] (0.00ns)   --->   "ret { float, float, float, float } %mrv_3" [MadgwickAHRS.cpp:232]


============================================================
+ Verbose Summary: Timing violations
============================================================
Target clock period: 5ns, clock uncertainty: 0.625ns.

 <State 1>: 4.35ns
The critical path consists of the following:
	wire read on port 's_3_read' [10]  (0 ns)
	'fmul' operation ('tmp_3', MadgwickAHRS.cpp:230) [26]  (4.35 ns)

 <State 2>: 4.35ns
The critical path consists of the following:
	'fmul' operation ('tmp_s', MadgwickAHRS.cpp:230) [20]  (4.35 ns)

 <State 3>: 4.35ns
The critical path consists of the following:
	'fmul' operation ('tmp_s', MadgwickAHRS.cpp:230) [20]  (4.35 ns)

 <State 4>: 4.35ns
The critical path consists of the following:
	'fmul' operation ('tmp_s', MadgwickAHRS.cpp:230) [20]  (4.35 ns)

 <State 5>: 4.35ns
The critical path consists of the following:
	'fmul' operation ('tmp_s', MadgwickAHRS.cpp:230) [20]  (4.35 ns)

 <State 6>: 4.35ns
The critical path consists of the following:
	'fsub' operation ('qDot', MadgwickAHRS.cpp:230) [21]  (4.35 ns)

 <State 7>: 4.35ns
The critical path consists of the following:
	'fsub' operation ('qDot', MadgwickAHRS.cpp:230) [21]  (4.35 ns)

 <State 8>: 4.35ns
The critical path consists of the following:
	'fsub' operation ('qDot', MadgwickAHRS.cpp:230) [21]  (4.35 ns)

 <State 9>: 4.35ns
The critical path consists of the following:
	'fsub' operation ('qDot', MadgwickAHRS.cpp:230) [21]  (4.35 ns)

 <State 10>: 4.35ns
The critical path consists of the following:
	'fsub' operation ('qDot', MadgwickAHRS.cpp:230) [21]  (4.35 ns)

 <State 11>: 4.35ns
The critical path consists of the following:
	'fsub' operation ('qDot', MadgwickAHRS.cpp:230) [21]  (4.35 ns)

 <State 12>: 4.35ns
The critical path consists of the following:
	'fsub' operation ('qDot', MadgwickAHRS.cpp:230) [21]  (4.35 ns)

 <State 13>: 4.35ns
The critical path consists of the following:
	'fsub' operation ('qDot', MadgwickAHRS.cpp:230) [21]  (4.35 ns)

 <State 14>: 4.35ns
The critical path consists of the following:
	'fsub' operation ('qDot', MadgwickAHRS.cpp:230) [21]  (4.35 ns)


============================================================
+ Verbose Summary: Binding
============================================================
N/A
* FSMD analyzer results:
  - Output states:
 - Input state : 
  - Chain level:
	State 1
	State 2
	State 3
	State 4
	State 5
	State 6
	State 7
	State 8
	State 9
	State 10
	State 11
	State 12
	State 13
	State 14


============================================================
+ Verbose Summary: Datapath Resource usage 
============================================================
N/A
