

================================================================
== Vivado HLS Report for 'MadgwickAHRSupdateIM'
================================================================
* Date:           Tue Dec  5 11:38:06 2017

* Version:        2017.3.1 (Build 2033595 on Fri Oct 20 14:40:16 MDT 2017)
* Project:        MadgwickAHRS
* Solution:       solution1
* Product family: zynq
* Target device:  xc7z020clg400-1


================================================================
== Performance Estimates
================================================================
+ Timing (ns): 
    * Summary: 
    +--------+-------+----------+------------+
    |  Clock | Target| Estimated| Uncertainty|
    +--------+-------+----------+------------+
    |ap_clk  |   5.00|      5.54|        0.62|
    +--------+-------+----------+------------+

+ Latency (clock cycles): 
    * Summary: 
    +-----+-----+-----+-----+---------+
    |  Latency  |  Interval | Pipeline|
    | min | max | min | max |   Type  |
    +-----+-----+-----+-----+---------+
    |  226|  601|  226|  601|   none  |
    +-----+-----+-----+-----+---------+

    + Detail: 
        * Instance: 
        +------------------------+-------------+-----+-----+-----+-----+---------+
        |                        |             |  Latency  |  Interval | Pipeline|
        |        Instance        |    Module   | min | max | min | max |   Type  |
        +------------------------+-------------+-----+-----+-----+-----+---------+
        |grp_normalise_1_fu_287  |normalise_1  |  113|  113|  113|  113|   none  |
        |grp_normalise_fu_295    |normalise    |  118|  118|  118|  118|   none  |
        +------------------------+-------------+-----+-----+-----+-----+---------+

        * Loop: 
        +----------------------+-----+-----+----------+-----------+-----------+------+----------+
        |                      |  Latency  | Iteration|  Initiation Interval  | Trip |          |
        |       Loop Name      | min | max |  Latency |  achieved |   target  | Count| Pipelined|
        +----------------------+-----+-----+----------+-----------+-----------+------+----------+
        |- loopfeedbackStep    |   64|   64|        16|          -|          -|     4|    no    |
        |- loop_integrateQdot  |   64|   64|        16|          -|          -|     4|    no    |
        +----------------------+-----+-----+----------+-----------+-----------+------+----------+



================================================================
== Utilization Estimates
================================================================
* Summary: 
+-----------------+---------+-------+--------+-------+
|       Name      | BRAM_18K| DSP48E|   FF   |  LUT  |
+-----------------+---------+-------+--------+-------+
|DSP              |        -|      -|       -|      -|
|Expression       |        -|      -|       0|    530|
|FIFO             |        -|      -|       -|      -|
|Instance         |        -|     54|    5135|   9505|
|Memory           |        -|      -|       -|      -|
|Multiplexer      |        -|      -|       -|   1827|
|Register         |        -|      -|    1750|      -|
+-----------------+---------+-------+--------+-------+
|Total            |        0|     54|    6885|  11862|
+-----------------+---------+-------+--------+-------+
|Available        |      280|    220|  106400|  53200|
+-----------------+---------+-------+--------+-------+
|Utilization (%)  |        0|     24|       6|     22|
+-----------------+---------+-------+--------+-------+

+ Detail: 
    * Instance: 
    +--------------------------+----------------------+---------+-------+------+------+
    |         Instance         |        Module        | BRAM_18K| DSP48E|  FF  |  LUT |
    +--------------------------+----------------------+---------+-------+------+------+
    |MadgwickAHRSupdatbkb_U15  |MadgwickAHRSupdatbkb  |        0|      2|   324|   424|
    |MadgwickAHRSupdatbkb_U16  |MadgwickAHRSupdatbkb  |        0|      2|   324|   424|
    |MadgwickAHRSupdatbkb_U17  |MadgwickAHRSupdatbkb  |        0|      2|   324|   424|
    |MadgwickAHRSupdatbkb_U18  |MadgwickAHRSupdatbkb  |        0|      2|   324|   424|
    |MadgwickAHRSupdatcud_U19  |MadgwickAHRSupdatcud  |        0|      3|   151|   325|
    |MadgwickAHRSupdatcud_U20  |MadgwickAHRSupdatcud  |        0|      3|   151|   325|
    |MadgwickAHRSupdatcud_U21  |MadgwickAHRSupdatcud  |        0|      3|   151|   325|
    |MadgwickAHRSupdatcud_U22  |MadgwickAHRSupdatcud  |        0|      3|   151|   325|
    |MadgwickAHRSupdatcud_U23  |MadgwickAHRSupdatcud  |        0|      3|   151|   325|
    |MadgwickAHRSupdatcud_U24  |MadgwickAHRSupdatcud  |        0|      3|   151|   325|
    |MadgwickAHRSupdatcud_U25  |MadgwickAHRSupdatcud  |        0|      3|   151|   325|
    |MadgwickAHRSupdatcud_U26  |MadgwickAHRSupdatcud  |        0|      3|   151|   325|
    |MadgwickAHRSupdatcud_U27  |MadgwickAHRSupdatcud  |        0|      3|   151|   325|
    |MadgwickAHRSupdatcud_U28  |MadgwickAHRSupdatcud  |        0|      3|   151|   325|
    |MadgwickAHRSupdatcud_U29  |MadgwickAHRSupdatcud  |        0|      3|   151|   325|
    |MadgwickAHRSupdatcud_U30  |MadgwickAHRSupdatcud  |        0|      3|   151|   325|
    |MadgwickAHRSupdatdEe_U31  |MadgwickAHRSupdatdEe  |        0|      0|    75|   248|
    |MadgwickAHRSupdateOg_U32  |MadgwickAHRSupdateOg  |        0|      0|     0|    21|
    |MadgwickAHRSupdateOg_U33  |MadgwickAHRSupdateOg  |        0|      0|     0|    21|
    |MadgwickAHRSupdateOg_U34  |MadgwickAHRSupdateOg  |        0|      0|     0|    21|
    |grp_normalise_fu_295      |normalise             |        0|      5|   932|  1738|
    |grp_normalise_1_fu_287    |normalise_1           |        0|      5|  1020|  1860|
    +--------------------------+----------------------+---------+-------+------+------+
    |Total                     |                      |        0|     54|  5135|  9505|
    +--------------------------+----------------------+---------+-------+------+------+

    * DSP48: 
    N/A

    * Memory: 
    N/A

    * FIFO: 
    N/A

    * Expression: 
    +-----------------------+----------+-------+---+----+------------+------------+
    |     Variable Name     | Operation| DSP48E| FF| LUT| Bitwidth P0| Bitwidth P1|
    +-----------------------+----------+-------+---+----+------------+------------+
    |i_3_fu_866_p2          |     +    |      0|  0|  12|           3|           1|
    |i_fu_739_p2            |     +    |      0|  0|  12|           3|           1|
    |tmp_65_fu_631_p2       |    and   |      0|  0|   8|           1|           1|
    |tmp_70_fu_671_p2       |    and   |      0|  0|   8|           1|           1|
    |tmp_75_fu_711_p2       |    and   |      0|  0|   8|           1|           1|
    |exitcond_i1_fu_860_p2  |   icmp   |      0|  0|   9|           3|           4|
    |exitcond_i_fu_733_p2   |   icmp   |      0|  0|   9|           3|           4|
    |notlhs1_fu_655_p2      |   icmp   |      0|  0|  11|           8|           2|
    |notlhs2_fu_695_p2      |   icmp   |      0|  0|  11|           8|           2|
    |notlhs_fu_615_p2       |   icmp   |      0|  0|  11|           8|           2|
    |notrhs1_fu_661_p2      |   icmp   |      0|  0|  18|          23|           1|
    |notrhs2_fu_701_p2      |   icmp   |      0|  0|  18|          23|           1|
    |notrhs_fu_621_p2       |   icmp   |      0|  0|  18|          23|           1|
    |sel_tmp2_fu_807_p2     |   icmp   |      0|  0|   9|           2|           3|
    |sel_tmp8_fu_773_p2     |   icmp   |      0|  0|   8|           2|           1|
    |sel_tmp_fu_786_p2      |   icmp   |      0|  0|   8|           2|           1|
    |tmp_22_fu_627_p2       |    or    |      0|  0|   8|           1|           1|
    |tmp_68_fu_667_p2       |    or    |      0|  0|   8|           1|           1|
    |tmp_73_fu_707_p2       |    or    |      0|  0|   8|           1|           1|
    |qDot_3_10_fu_828_p3    |  select  |      0|  0|  32|           1|          32|
    |qDot_3_11_fu_836_p3    |  select  |      0|  0|  32|           1|          32|
    |qDot_3_12_fu_844_p3    |  select  |      0|  0|  32|           1|          32|
    |qDot_3_13_fu_852_p3    |  select  |      0|  0|  32|           1|          32|
    |qDot_3_4_fu_778_p3     |  select  |      0|  0|  32|           1|          32|
    |qDot_3_6_fu_791_p3     |  select  |      0|  0|  32|           1|          32|
    |qDot_3_7_fu_799_p3     |  select  |      0|  0|  32|           1|          32|
    |qDot_3_8_fu_812_p3     |  select  |      0|  0|  32|           1|          32|
    |qDot_3_9_fu_820_p3     |  select  |      0|  0|  32|           1|          32|
    |tmp_neg_fu_587_p2      |    xor   |      0|  0|  40|          32|          33|
    +-----------------------+----------+-------+---+----+------------+------------+
    |Total                  |          |      0|  0| 530|         158|         351|
    +-----------------------+----------+-------+---+----+------------+------------+

    * Multiplexer: 
    +------------------------------+-----+-----------+-----+-----------+
    |             Name             | LUT | Input Size| Bits| Total Bits|
    +------------------------------+-----+-----------+-----+-----------+
    |a_address0                    |   41|          8|    2|         16|
    |a_ce0                         |   15|          3|    1|          3|
    |a_we0                         |    9|          2|    1|          2|
    |ap_NS_fsm                     |  689|        156|    1|        156|
    |g_address0                    |   15|          3|    2|          6|
    |grp_fu_302_opcode             |   15|          3|    2|          6|
    |grp_fu_302_p0                 |   38|          7|   32|        224|
    |grp_fu_302_p1                 |   47|         10|   32|        320|
    |grp_fu_306_opcode             |   15|          3|    2|          6|
    |grp_fu_306_p0                 |   27|          5|   32|        160|
    |grp_fu_306_p1                 |   47|         10|   32|        320|
    |grp_fu_310_opcode             |   15|          3|    2|          6|
    |grp_fu_310_p0                 |   21|          4|   32|        128|
    |grp_fu_310_p1                 |   33|          6|   32|        192|
    |grp_fu_314_opcode             |   15|          3|    2|          6|
    |grp_fu_314_p0                 |   21|          4|   32|        128|
    |grp_fu_314_p1                 |   33|          6|   32|        192|
    |grp_fu_322_p0                 |   56|         13|   32|        416|
    |grp_fu_322_p1                 |   62|         15|   32|        480|
    |grp_fu_326_p0                 |   41|          8|   32|        256|
    |grp_fu_326_p1                 |   38|          7|   32|        224|
    |grp_fu_330_p0                 |   38|          7|   32|        224|
    |grp_fu_330_p1                 |   33|          6|   32|        192|
    |grp_fu_334_p0                 |   27|          5|   32|        160|
    |grp_fu_334_p1                 |   41|          8|   32|        256|
    |grp_fu_338_p0                 |   27|          5|   32|        160|
    |grp_fu_338_p1                 |   27|          5|   32|        160|
    |grp_fu_342_p0                 |   21|          4|   32|        128|
    |grp_fu_342_p1                 |   21|          4|   32|        128|
    |grp_fu_346_p0                 |   21|          4|   32|        128|
    |grp_fu_346_p1                 |   21|          4|   32|        128|
    |grp_fu_350_p0                 |   15|          3|   32|         96|
    |grp_fu_350_p1                 |   15|          3|   32|         96|
    |grp_normalise_fu_295_in_r_q0  |   15|          3|   32|         96|
    |i_i1_reg_276                  |    9|          2|    3|          6|
    |i_i_reg_221                   |    9|          2|    3|          6|
    |qDot_0_s_reg_232              |    9|          2|   32|         64|
    |qDot_1_2_reg_243              |    9|          2|   32|         64|
    |qDot_2_2_2_reg_254            |    9|          2|   32|         64|
    |qDot_2_2_reg_201              |    9|          2|   32|         64|
    |qDot_31_reg_211               |    9|          2|   32|         64|
    |qDot_3_2_reg_265              |    9|          2|   32|         64|
    |qDot_3_3_reg_181              |    9|          2|   32|         64|
    |qDot_3_5_reg_191              |    9|          2|   32|         64|
    |q_address0                    |   38|          7|    2|         14|
    |q_address1                    |   33|          6|    2|         12|
    |q_ce0                         |   15|          3|    1|          3|
    |q_we0                         |    9|          2|    1|          2|
    |reg_389                       |    9|          2|   32|         64|
    |reg_401                       |    9|          2|   32|         64|
    |reg_411                       |    9|          2|   32|         64|
    +------------------------------+-----+-----------+-----+-----------+
    |Total                         | 1827|        384| 1179|       5946|
    +------------------------------+-----+-----------+-----+-----------+

    * Register: 
    +----------------------------------------+-----+----+-----+-----------+
    |                  Name                  |  FF | LUT| Bits| Const Bits|
    +----------------------------------------+-----+----+-----+-----------+
    |a_load_4_reg_1031                       |   32|   0|   32|          0|
    |ap_CS_fsm                               |  155|   0|  155|          0|
    |ap_reg_grp_normalise_1_fu_287_ap_start  |    1|   0|    1|          0|
    |ap_reg_grp_normalise_fu_295_ap_start    |    1|   0|    1|          0|
    |g_load_1_reg_922                        |   32|   0|   32|          0|
    |g_load_2_reg_929                        |   32|   0|   32|          0|
    |g_load_reg_900                          |   32|   0|   32|          0|
    |i_3_reg_1133                            |    3|   0|    3|          0|
    |i_i1_reg_276                            |    3|   0|    3|          0|
    |i_i_reg_221                             |    3|   0|    3|          0|
    |i_reg_1087                              |    3|   0|    3|          0|
    |notlhs1_reg_966                         |    1|   0|    1|          0|
    |notlhs2_reg_985                         |    1|   0|    1|          0|
    |notlhs_reg_947                          |    1|   0|    1|          0|
    |notrhs1_reg_971                         |    1|   0|    1|          0|
    |notrhs2_reg_990                         |    1|   0|    1|          0|
    |notrhs_reg_952                          |    1|   0|    1|          0|
    |p_4q1_reg_1009                          |   32|   0|   32|          0|
    |p_4q2_reg_1020                          |   32|   0|   32|          0|
    |qDot_0_s_reg_232                        |   32|   0|   32|          0|
    |qDot_1_2_reg_243                        |   32|   0|   32|          0|
    |qDot_2_2_2_reg_254                      |   32|   0|   32|          0|
    |qDot_2_2_reg_201                        |   32|   0|   32|          0|
    |qDot_31_reg_211                         |   32|   0|   32|          0|
    |qDot_3_2_reg_265                        |   32|   0|   32|          0|
    |qDot_3_3_reg_181                        |   32|   0|   32|          0|
    |qDot_3_5_reg_191                        |   32|   0|   32|          0|
    |q_addr_reg_1143                         |    2|   0|    2|          0|
    |q_load_6_reg_999                        |   32|   0|   32|          0|
    |reg_389                                 |   32|   0|   32|          0|
    |reg_401                                 |   32|   0|   32|          0|
    |reg_411                                 |   32|   0|   32|          0|
    |reg_424                                 |   32|   0|   32|          0|
    |reg_432                                 |   32|   0|   32|          0|
    |reg_440                                 |   32|   0|   32|          0|
    |reg_448                                 |   32|   0|   32|          0|
    |reg_456                                 |   32|   0|   32|          0|
    |reg_466                                 |   32|   0|   32|          0|
    |reg_476                                 |   32|   0|   32|          0|
    |reg_483                                 |   32|   0|   32|          0|
    |reg_489                                 |   32|   0|   32|          0|
    |reg_498                                 |   32|   0|   32|          0|
    |reg_506                                 |   32|   0|   32|          0|
    |reg_513                                 |   32|   0|   32|          0|
    |reg_520                                 |   32|   0|   32|          0|
    |reg_529                                 |   32|   0|   32|          0|
    |reg_540                                 |   32|   0|   32|          0|
    |reg_549                                 |   32|   0|   32|          0|
    |reg_558                                 |   32|   0|   32|          0|
    |reg_569                                 |   32|   0|   32|          0|
    |reg_575                                 |   32|   0|   32|          0|
    |s_0_1_reg_1074                          |   32|   0|   32|          0|
    |s_1_1_reg_1069                          |   32|   0|   32|          0|
    |s_2_1_reg_1064                          |   32|   0|   32|          0|
    |tmp_44_reg_1015                         |   32|   0|   32|          0|
    |tmp_57_reg_1039                         |   32|   0|   32|          0|
    |tmp_58_reg_1044                         |   32|   0|   32|          0|
    |tmp_60_reg_1049                         |   32|   0|   32|          0|
    |tmp_63_reg_1054                         |   32|   0|   32|          0|
    |tmp_65_reg_957                          |    1|   0|    1|          0|
    |tmp_70_reg_976                          |    1|   0|    1|          0|
    |tmp_75_reg_995                          |    1|   0|    1|          0|
    |tmp_76_reg_1100                         |   32|   0|   32|          0|
    |tmp_77_reg_1105                         |   32|   0|   32|          0|
    |tmp_78_reg_1138                         |   32|   0|   32|          0|
    |tmp_79_reg_1092                         |    2|   0|    2|          0|
    |tmp_neg_reg_917                         |   32|   0|   32|          0|
    +----------------------------------------+-----+----+-----+-----------+
    |Total                                   | 1750|   0| 1750|          0|
    +----------------------------------------+-----+----+-----+-----------+



================================================================
== Interface
================================================================
* Summary: 
+------------+-----+-----+------------+----------------------+--------------+
|  RTL Ports | Dir | Bits|  Protocol  |     Source Object    |    C Type    |
+------------+-----+-----+------------+----------------------+--------------+
|ap_clk      |  in |    1| ap_ctrl_hs | MadgwickAHRSupdateIM | return value |
|ap_rst      |  in |    1| ap_ctrl_hs | MadgwickAHRSupdateIM | return value |
|ap_start    |  in |    1| ap_ctrl_hs | MadgwickAHRSupdateIM | return value |
|ap_done     | out |    1| ap_ctrl_hs | MadgwickAHRSupdateIM | return value |
|ap_idle     | out |    1| ap_ctrl_hs | MadgwickAHRSupdateIM | return value |
|ap_ready    | out |    1| ap_ctrl_hs | MadgwickAHRSupdateIM | return value |
|g_address0  | out |    2|  ap_memory |           g          |     array    |
|g_ce0       | out |    1|  ap_memory |           g          |     array    |
|g_q0        |  in |   32|  ap_memory |           g          |     array    |
|g_address1  | out |    2|  ap_memory |           g          |     array    |
|g_ce1       | out |    1|  ap_memory |           g          |     array    |
|g_q1        |  in |   32|  ap_memory |           g          |     array    |
|a_address0  | out |    2|  ap_memory |           a          |     array    |
|a_ce0       | out |    1|  ap_memory |           a          |     array    |
|a_we0       | out |    1|  ap_memory |           a          |     array    |
|a_d0        | out |   32|  ap_memory |           a          |     array    |
|a_q0        |  in |   32|  ap_memory |           a          |     array    |
|beta        |  in |   32|   ap_none  |         beta         |    pointer   |
|q_address0  | out |    2|  ap_memory |           q          |     array    |
|q_ce0       | out |    1|  ap_memory |           q          |     array    |
|q_we0       | out |    1|  ap_memory |           q          |     array    |
|q_d0        | out |   32|  ap_memory |           q          |     array    |
|q_q0        |  in |   32|  ap_memory |           q          |     array    |
|q_address1  | out |    2|  ap_memory |           q          |     array    |
|q_ce1       | out |    1|  ap_memory |           q          |     array    |
|q_we1       | out |    1|  ap_memory |           q          |     array    |
|q_d1        | out |   32|  ap_memory |           q          |     array    |
|q_q1        |  in |   32|  ap_memory |           q          |     array    |
+------------+-----+-----+------------+----------------------+--------------+

